mode: atomic
product-service/internal/account/account.go:23.78,25.2 1 3
product-service/internal/account/account.go:30.47,32.9 2 6
product-service/internal/account/account.go:32.9,34.3 1 3
product-service/internal/account/account.go:36.2,36.18 1 3
product-service/internal/dto/category/activate.go:21.73,27.2 1 1
product-service/internal/dto/category/create.go:26.59,32.2 1 1
product-service/internal/dto/category/create.go:35.45,36.18 1 2
product-service/internal/dto/category/create.go:36.18,38.3 1 1
product-service/internal/dto/category/create.go:40.2,40.12 1 1
product-service/internal/dto/category/create.go:44.60,53.2 1 1
product-service/internal/dto/category/deactivate.go:21.77,27.2 1 1
product-service/internal/dto/category/delete.go:21.69,27.2 1 1
product-service/internal/dto/category/detail.go:25.69,35.2 1 3
product-service/internal/dto/category/search.go:31.45,34.98 2 6
product-service/internal/dto/category/search.go:34.98,36.3 1 1
product-service/internal/dto/category/search.go:38.2,39.77 1 5
product-service/internal/dto/category/search.go:39.77,41.3 1 1
product-service/internal/dto/category/search.go:43.2,43.34 1 4
product-service/internal/dto/category/search.go:43.34,45.3 1 2
product-service/internal/dto/category/search.go:47.2,47.12 1 2
product-service/internal/dto/category/search.go:52.58,58.2 4 1
product-service/internal/dto/category/search.go:61.73,63.38 2 3
product-service/internal/dto/category/search.go:63.38,65.3 1 2
product-service/internal/dto/category/search.go:67.2,67.38 1 3
product-service/internal/dto/category/search.go:72.38,80.2 1 8
product-service/internal/dto/category/update.go:29.82,36.2 5 1
product-service/internal/dto/category/update.go:39.45,40.15 1 3
product-service/internal/dto/category/update.go:40.15,42.3 1 1
product-service/internal/dto/category/update.go:44.2,44.18 1 2
product-service/internal/dto/category/update.go:44.18,46.3 1 1
product-service/internal/dto/category/update.go:48.2,48.12 1 1
product-service/internal/dto/category/update.go:52.69,61.2 1 1
product-service/internal/dto/base/paging.go:17.65,19.30 2 6
product-service/internal/dto/base/paging.go:19.30,21.3 1 2
product-service/internal/dto/base/paging.go:23.2,24.42 2 6
product-service/internal/dto/base/paging.go:24.42,26.3 1 3
product-service/internal/dto/base/paging.go:28.2,28.17 1 6
product-service/internal/dto/base/paging.go:28.17,30.3 1 2
product-service/internal/dto/base/paging.go:32.2,32.21 1 6
product-service/internal/dto/base/paging.go:32.21,34.3 1 2
product-service/internal/dto/base/paging.go:36.2,36.39 1 6
product-service/internal/dto/base/paging.go:36.39,38.3 1 1
product-service/internal/dto/base/paging.go:40.2,40.10 1 6
product-service/internal/dto/base/paging.go:44.29,46.2 1 1
product-service/internal/dto/base/paging.go:49.30,51.2 1 2
product-service/internal/dto/base/paging.go:54.82,56.9 2 5
product-service/internal/dto/base/paging.go:56.9,58.3 1 2
product-service/internal/dto/base/paging.go:60.2,61.41 2 5
product-service/internal/dto/base/paging.go:61.41,63.3 1 2
product-service/internal/dto/base/paging.go:65.2,65.33 1 5
product-service/internal/dto/product/activate.go:21.69,27.2 1 1
product-service/internal/dto/product/create.go:40.57,48.25 2 2
product-service/internal/dto/product/create.go:48.25,50.3 1 1
product-service/internal/dto/product/create.go:52.2,52.25 1 2
product-service/internal/dto/product/create.go:52.25,54.3 1 1
product-service/internal/dto/product/create.go:56.2,56.16 1 2
product-service/internal/dto/product/create.go:60.44,61.18 1 6
product-service/internal/dto/product/create.go:61.18,63.3 1 1
product-service/internal/dto/product/create.go:65.2,65.25 1 5
product-service/internal/dto/product/create.go:65.25,67.3 1 1
product-service/internal/dto/product/create.go:69.2,69.25 1 4
product-service/internal/dto/product/create.go:69.25,71.3 1 1
product-service/internal/dto/product/create.go:73.2,73.63 1 3
product-service/internal/dto/product/create.go:73.63,75.3 1 2
product-service/internal/dto/product/create.go:77.2,77.12 1 1
product-service/internal/dto/product/create.go:81.49,82.20 1 9
product-service/internal/dto/product/create.go:82.20,84.3 1 1
product-service/internal/dto/product/create.go:86.2,86.42 1 8
product-service/internal/dto/product/create.go:86.42,88.3 1 1
product-service/internal/dto/product/create.go:90.2,91.29 2 7
product-service/internal/dto/product/create.go:91.29,93.3 1 2
product-service/internal/dto/product/create.go:95.2,95.12 1 5
product-service/internal/dto/product/create.go:99.40,106.2 1 15
product-service/internal/dto/product/create.go:109.65,121.29 2 2
product-service/internal/dto/product/create.go:121.29,123.3 1 1
product-service/internal/dto/product/create.go:125.2,125.29 1 2
product-service/internal/dto/product/create.go:125.29,127.3 1 1
product-service/internal/dto/product/create.go:129.2,129.15 1 2
product-service/internal/dto/product/deactivate.go:21.73,27.2 1 1
product-service/internal/dto/product/delete.go:21.65,27.2 1 1
product-service/internal/dto/product/detail.go:31.65,44.29 2 4
product-service/internal/dto/product/detail.go:44.29,46.3 1 2
product-service/internal/dto/product/detail.go:48.2,48.29 1 4
product-service/internal/dto/product/detail.go:48.29,50.3 1 2
product-service/internal/dto/product/detail.go:52.2,52.15 1 4
product-service/internal/dto/product/history.go:85.67,100.29 3 13
product-service/internal/dto/product/history.go:100.29,102.3 1 10
product-service/internal/dto/product/history.go:104.2,104.29 1 13
product-service/internal/dto/product/history.go:104.29,106.3 1 10
product-service/internal/dto/product/history.go:108.2,108.34 1 13
product-service/internal/dto/product/history.go:108.34,110.3 1 10
product-service/internal/dto/product/history.go:116.2,116.26 1 13
product-service/internal/dto/product/history.go:116.26,118.3 1 11
product-service/internal/dto/product/history.go:120.2,122.15 2 13
product-service/internal/dto/product/history.go:127.58,130.34 2 11
product-service/internal/dto/product/history.go:130.34,140.33 8 19
product-service/internal/dto/product/history.go:140.33,150.43 2 9
product-service/internal/dto/product/history.go:150.43,152.5 1 6
product-service/internal/dto/product/history.go:154.4,154.54 1 9
product-service/internal/dto/product/history.go:154.54,155.69 1 6
product-service/internal/dto/product/history.go:155.69,166.31 9 6
product-service/internal/dto/product/history.go:166.31,168.7 1 5
product-service/internal/dto/product/history.go:170.6,170.45 1 6
product-service/internal/dto/product/history.go:174.4,174.32 1 9
product-service/internal/dto/product/history.go:177.3,177.34 1 19
product-service/internal/dto/product/history.go:177.34,187.44 2 9
product-service/internal/dto/product/history.go:187.44,189.5 1 6
product-service/internal/dto/product/history.go:191.4,191.56 1 9
product-service/internal/dto/product/history.go:191.56,192.71 1 6
product-service/internal/dto/product/history.go:192.71,202.31 8 6
product-service/internal/dto/product/history.go:202.31,204.7 1 5
product-service/internal/dto/product/history.go:206.6,206.45 1 6
product-service/internal/dto/product/history.go:210.4,210.33 1 9
product-service/internal/dto/product/history.go:213.3,213.36 1 19
product-service/internal/dto/product/history.go:216.2,216.15 1 11
product-service/internal/dto/product/search.go:41.44,44.56 2 14
product-service/internal/dto/product/search.go:44.56,46.3 1 2
product-service/internal/dto/product/search.go:48.2,48.67 1 12
product-service/internal/dto/product/search.go:48.67,50.3 1 1
product-service/internal/dto/product/search.go:52.2,52.38 1 11
product-service/internal/dto/product/search.go:52.38,54.3 1 2
product-service/internal/dto/product/search.go:56.2,56.47 1 9
product-service/internal/dto/product/search.go:56.47,58.3 1 1
product-service/internal/dto/product/search.go:60.2,60.98 1 8
product-service/internal/dto/product/search.go:60.98,62.3 1 1
product-service/internal/dto/product/search.go:64.2,65.77 1 7
product-service/internal/dto/product/search.go:65.77,67.3 1 1
product-service/internal/dto/product/search.go:69.2,69.34 1 6
product-service/internal/dto/product/search.go:69.34,71.3 1 2
product-service/internal/dto/product/search.go:73.2,73.12 1 4
product-service/internal/dto/product/search.go:78.56,84.2 4 1
product-service/internal/dto/product/search.go:87.68,89.35 2 3
product-service/internal/dto/product/search.go:89.35,91.3 1 2
product-service/internal/dto/product/search.go:93.2,93.37 1 3
product-service/internal/dto/product/search.go:98.38,107.2 1 16
product-service/internal/dto/product/update.go:45.79,53.2 6 1
product-service/internal/dto/product/update.go:56.44,57.18 1 4
product-service/internal/dto/product/update.go:57.18,59.3 1 1
product-service/internal/dto/product/update.go:61.2,61.63 1 3
product-service/internal/dto/product/update.go:61.63,63.3 1 2
product-service/internal/dto/product/update.go:65.2,65.12 1 1
product-service/internal/dto/product/update.go:69.49,70.20 1 9
product-service/internal/dto/product/update.go:70.20,72.3 1 1
product-service/internal/dto/product/update.go:74.2,74.42 1 8
product-service/internal/dto/product/update.go:74.42,76.3 1 1
product-service/internal/dto/product/update.go:78.2,79.29 2 7
product-service/internal/dto/product/update.go:79.29,81.3 1 2
product-service/internal/dto/product/update.go:83.2,83.12 1 5
product-service/internal/dto/product/update.go:87.65,99.29 2 2
product-service/internal/dto/product/update.go:99.29,101.3 1 1
product-service/internal/dto/product/update.go:103.2,103.29 1 2
product-service/internal/dto/product/update.go:103.29,105.3 1 1
product-service/internal/dto/product/update.go:107.2,107.15 1 2
product-service/internal/model/base.go:18.24,27.2 1 1
product-service/internal/model/base.go:29.23,34.2 1 1
product-service/internal/model/base.go:40.28,45.2 3 1
product-service/internal/model/category.go:13.36,15.2 1 1
product-service/internal/model/product.go:24.35,26.2 1 1
product-service/internal/model/purchase_order.go:20.41,22.2 1 1
product-service/internal/model/purchase_order_detail.go:22.47,24.2 1 1
product-service/internal/model/purchase_return.go:20.42,22.2 1 1
product-service/internal/model/purchase_return_detail.go:21.48,23.2 1 1
product-service/internal/model/stock.go:20.33,22.2 1 1
product-service/internal/model/stock_position.go:13.41,15.2 1 1
product-service/internal/model/supplier.go:22.36,24.2 1 1
product-service/internal/dto/supplier/activate.go:21.73,27.2 1 1
product-service/internal/dto/supplier/create.go:45.59,60.2 1 1
product-service/internal/dto/supplier/create.go:63.45,64.18 1 13
product-service/internal/dto/supplier/create.go:64.18,66.3 1 1
product-service/internal/dto/supplier/create.go:68.2,69.63 1 12
product-service/internal/dto/supplier/create.go:73.60,91.2 1 1
product-service/internal/dto/supplier/create.go:95.121,96.20 1 14
product-service/internal/dto/supplier/create.go:96.20,98.3 1 1
product-service/internal/dto/supplier/create.go:100.2,100.21 1 13
product-service/internal/dto/supplier/create.go:100.21,102.3 1 1
product-service/internal/dto/supplier/create.go:106.2,106.21 1 12
product-service/internal/dto/supplier/create.go:106.21,108.3 1 1
product-service/internal/dto/supplier/create.go:110.2,110.17 1 11
product-service/internal/dto/supplier/create.go:110.17,111.53 1 9
product-service/internal/dto/supplier/create.go:111.53,113.4 1 2
product-service/internal/dto/supplier/create.go:116.2,116.29 1 9
product-service/internal/dto/supplier/create.go:116.29,118.3 1 1
product-service/internal/dto/supplier/create.go:120.2,128.4 1 8
product-service/internal/dto/supplier/create.go:128.4,129.28 1 26
product-service/internal/dto/supplier/create.go:129.28,131.4 1 4
product-service/internal/dto/supplier/create.go:134.2,134.25 1 4
product-service/internal/dto/supplier/create.go:134.25,136.3 1 1
product-service/internal/dto/supplier/create.go:138.2,138.12 1 3
product-service/internal/dto/supplier/deactivate.go:21.77,27.2 1 1
product-service/internal/dto/supplier/delete.go:21.69,27.2 1 1
product-service/internal/dto/supplier/detail.go:34.69,53.2 1 3
product-service/internal/dto/supplier/search.go:45.45,48.98 2 7
product-service/internal/dto/supplier/search.go:48.98,50.3 1 1
product-service/internal/dto/supplier/search.go:52.2,53.77 1 6
product-service/internal/dto/supplier/search.go:53.77,55.3 1 1
product-service/internal/dto/supplier/search.go:57.2,57.34 1 5
product-service/internal/dto/supplier/search.go:57.34,59.3 1 2
product-service/internal/dto/supplier/search.go:61.2,61.12 1 3
product-service/internal/dto/supplier/search.go:66.58,79.2 11 1
product-service/internal/dto/supplier/search.go:82.72,84.37 2 3
product-service/internal/dto/supplier/search.go:84.37,86.3 1 2
product-service/internal/dto/supplier/search.go:88.2,88.38 1 3
product-service/internal/dto/supplier/search.go:93.38,104.2 1 9
product-service/internal/dto/supplier/update.go:47.82,63.2 14 1
product-service/internal/dto/supplier/update.go:66.45,67.15 1 4
product-service/internal/dto/supplier/update.go:67.15,69.3 1 1
product-service/internal/dto/supplier/update.go:71.2,71.18 1 3
product-service/internal/dto/supplier/update.go:71.18,73.3 1 1
product-service/internal/dto/supplier/update.go:75.2,76.63 1 2
product-service/internal/dto/supplier/update.go:80.69,98.2 1 1
product-service/internal/configuration/database.go:32.40,34.2 1 3
product-service/internal/configuration/database.go:38.53,40.2 1 3
product-service/internal/configuration/database.go:43.86,45.2 1 2
product-service/internal/configuration/database.go:48.33,60.16 9 0
product-service/internal/configuration/database.go:60.16,62.3 1 0
product-service/internal/configuration/database.go:64.2,66.11 2 0
product-service/internal/configuration/storage.go:27.54,41.16 6 2
product-service/internal/configuration/storage.go:41.16,43.3 1 0
product-service/internal/configuration/storage.go:45.2,49.16 4 2
product-service/internal/configuration/storage.go:49.16,51.3 1 0
product-service/internal/configuration/storage.go:53.2,53.13 1 2
product-service/internal/configuration/storage.go:53.13,54.89 1 1
product-service/internal/configuration/storage.go:54.89,56.4 1 0
product-service/internal/configuration/storage.go:58.3,58.55 1 1
product-service/internal/configuration/storage.go:61.2,63.23 2 2
product-service/internal/configuration/token.go:17.40,21.2 2 1
product-service/internal/configuration/token.go:25.25,27.18 2 6
product-service/internal/configuration/token.go:27.18,29.3 1 2
product-service/internal/configuration/token.go:31.2,31.40 1 6
product-service/internal/controller/product/activate.go:27.56,29.27 2 3
product-service/internal/controller/product/activate.go:29.27,31.3 1 1
product-service/internal/controller/product/activate.go:33.2,34.16 2 2
product-service/internal/controller/product/activate.go:34.16,36.3 1 1
product-service/internal/controller/product/activate.go:38.2,42.4 1 1
product-service/internal/controller/product/controller.go:14.52,16.2 1 60
product-service/internal/controller/product/create.go:34.54,36.16 2 13
product-service/internal/controller/product/create.go:36.16,38.3 1 5
product-service/internal/controller/product/create.go:40.2,40.42 1 8
product-service/internal/controller/product/create.go:40.42,42.3 1 4
product-service/internal/controller/product/create.go:44.2,44.47 1 4
product-service/internal/controller/product/create.go:44.47,46.3 1 1
product-service/internal/controller/product/create.go:48.2,49.16 2 3
product-service/internal/controller/product/create.go:49.16,51.3 1 1
product-service/internal/controller/product/create.go:53.2,57.4 1 2
product-service/internal/controller/product/create.go:62.78,65.42 2 13
product-service/internal/controller/product/create.go:65.42,67.3 1 1
product-service/internal/controller/product/create.go:69.2,72.83 3 12
product-service/internal/controller/product/create.go:72.83,74.17 2 11
product-service/internal/controller/product/create.go:74.17,76.4 1 1
product-service/internal/controller/product/create.go:78.3,78.41 1 10
product-service/internal/controller/product/create.go:81.2,81.83 1 11
product-service/internal/controller/product/create.go:81.83,83.17 2 10
product-service/internal/controller/product/create.go:83.17,85.4 1 1
product-service/internal/controller/product/create.go:87.3,87.41 1 9
product-service/internal/controller/product/create.go:90.2,90.67 1 10
product-service/internal/controller/product/create.go:90.67,92.17 2 10
product-service/internal/controller/product/create.go:92.17,94.4 1 1
product-service/internal/controller/product/create.go:96.3,96.30 1 9
product-service/internal/controller/product/create.go:99.2,100.56 2 9
product-service/internal/controller/product/create.go:100.56,102.3 1 1
product-service/internal/controller/product/create.go:104.2,106.21 2 8
product-service/internal/controller/product/deactivate.go:27.58,29.27 2 3
product-service/internal/controller/product/deactivate.go:29.27,31.3 1 1
product-service/internal/controller/product/deactivate.go:33.2,34.16 2 2
product-service/internal/controller/product/deactivate.go:34.16,36.3 1 1
product-service/internal/controller/product/deactivate.go:38.2,42.4 1 1
product-service/internal/controller/product/delete.go:27.54,29.27 2 3
product-service/internal/controller/product/delete.go:29.27,31.3 1 1
product-service/internal/controller/product/delete.go:33.2,34.16 2 2
product-service/internal/controller/product/delete.go:34.16,36.3 1 1
product-service/internal/controller/product/delete.go:38.2,42.4 1 1
product-service/internal/controller/product/detail.go:27.54,29.27 2 6
product-service/internal/controller/product/detail.go:29.27,31.3 1 4
product-service/internal/controller/product/detail.go:33.2,34.16 2 2
product-service/internal/controller/product/detail.go:34.16,36.3 1 1
product-service/internal/controller/product/detail.go:38.2,42.4 1 1
product-service/internal/controller/product/history.go:26.55,28.27 2 7
product-service/internal/controller/product/history.go:28.27,30.3 1 4
product-service/internal/controller/product/history.go:32.2,33.16 2 3
product-service/internal/controller/product/history.go:33.16,35.3 1 2
product-service/internal/controller/product/history.go:37.2,41.4 1 1
product-service/internal/controller/product/search.go:36.54,38.16 2 11
product-service/internal/controller/product/search.go:38.16,40.3 1 6
product-service/internal/controller/product/search.go:42.2,42.42 1 5
product-service/internal/controller/product/search.go:42.42,44.3 1 2
product-service/internal/controller/product/search.go:46.2,47.16 2 3
product-service/internal/controller/product/search.go:47.16,49.3 1 1
product-service/internal/controller/product/search.go:51.2,55.4 1 2
product-service/internal/controller/product/search.go:60.78,69.16 7 11
product-service/internal/controller/product/search.go:69.16,71.3 1 1
product-service/internal/controller/product/search.go:73.2,74.16 2 10
product-service/internal/controller/product/search.go:74.16,76.3 1 1
product-service/internal/controller/product/search.go:78.2,79.16 2 9
product-service/internal/controller/product/search.go:79.16,81.3 1 1
product-service/internal/controller/product/search.go:83.2,84.16 2 8
product-service/internal/controller/product/search.go:84.16,86.3 1 1
product-service/internal/controller/product/search.go:88.2,89.16 2 7
product-service/internal/controller/product/search.go:89.16,91.3 1 1
product-service/internal/controller/product/search.go:93.2,94.16 2 6
product-service/internal/controller/product/search.go:94.16,96.3 1 1
product-service/internal/controller/product/search.go:98.2,105.21 7 5
product-service/internal/controller/product/update.go:35.54,37.16 2 14
product-service/internal/controller/product/update.go:37.16,39.3 1 8
product-service/internal/controller/product/update.go:41.2,41.42 1 6
product-service/internal/controller/product/update.go:41.42,43.3 1 2
product-service/internal/controller/product/update.go:45.2,45.47 1 4
product-service/internal/controller/product/update.go:45.47,47.3 1 1
product-service/internal/controller/product/update.go:49.2,50.16 2 3
product-service/internal/controller/product/update.go:50.16,52.3 1 1
product-service/internal/controller/product/update.go:54.2,58.4 1 2
product-service/internal/controller/product/update.go:63.78,67.27 3 14
product-service/internal/controller/product/update.go:67.27,69.3 1 3
product-service/internal/controller/product/update.go:71.2,71.42 1 11
product-service/internal/controller/product/update.go:71.42,73.3 1 1
product-service/internal/controller/product/update.go:75.2,79.83 4 10
product-service/internal/controller/product/update.go:79.83,81.17 2 10
product-service/internal/controller/product/update.go:81.17,83.4 1 1
product-service/internal/controller/product/update.go:85.3,85.41 1 9
product-service/internal/controller/product/update.go:88.2,88.83 1 9
product-service/internal/controller/product/update.go:88.83,90.17 2 9
product-service/internal/controller/product/update.go:90.17,92.4 1 1
product-service/internal/controller/product/update.go:94.3,94.41 1 8
product-service/internal/controller/product/update.go:97.2,97.67 1 8
product-service/internal/controller/product/update.go:97.67,99.17 2 8
product-service/internal/controller/product/update.go:99.17,101.4 1 1
product-service/internal/controller/product/update.go:103.3,103.30 1 7
product-service/internal/controller/product/update.go:106.2,107.56 2 7
product-service/internal/controller/product/update.go:107.56,109.3 1 1
product-service/internal/controller/product/update.go:111.2,113.21 2 6
product-service/internal/controller/category/activate.go:26.56,28.27 2 3
product-service/internal/controller/category/activate.go:28.27,30.3 1 1
product-service/internal/controller/category/activate.go:32.2,33.16 2 2
product-service/internal/controller/category/activate.go:33.16,35.3 1 1
product-service/internal/controller/category/activate.go:37.2,41.4 1 1
product-service/internal/controller/category/controller.go:14.52,16.2 1 31
product-service/internal/controller/category/create.go:26.54,28.41 2 4
product-service/internal/controller/category/create.go:28.41,30.3 1 1
product-service/internal/controller/category/create.go:32.2,35.43 3 3
product-service/internal/controller/category/create.go:35.43,37.3 1 1
product-service/internal/controller/category/create.go:39.2,40.16 2 2
product-service/internal/controller/category/create.go:40.16,42.3 1 1
product-service/internal/controller/category/create.go:44.2,48.4 1 1
product-service/internal/controller/category/deactivate.go:26.58,28.27 2 3
product-service/internal/controller/category/deactivate.go:28.27,30.3 1 1
product-service/internal/controller/category/deactivate.go:32.2,33.16 2 2
product-service/internal/controller/category/deactivate.go:33.16,35.3 1 1
product-service/internal/controller/category/deactivate.go:37.2,41.4 1 1
product-service/internal/controller/category/delete.go:26.54,28.27 2 3
product-service/internal/controller/category/delete.go:28.27,30.3 1 1
product-service/internal/controller/category/delete.go:32.2,33.16 2 2
product-service/internal/controller/category/delete.go:33.16,35.3 1 1
product-service/internal/controller/category/delete.go:37.2,41.4 1 1
product-service/internal/controller/category/detail.go:26.54,28.27 2 6
product-service/internal/controller/category/detail.go:28.27,30.3 1 4
product-service/internal/controller/category/detail.go:32.2,33.16 2 2
product-service/internal/controller/category/detail.go:33.16,35.3 1 1
product-service/internal/controller/category/detail.go:37.2,41.4 1 1
product-service/internal/controller/category/search.go:31.54,33.16 2 6
product-service/internal/controller/category/search.go:33.16,35.3 1 2
product-service/internal/controller/category/search.go:37.2,37.42 1 4
product-service/internal/controller/category/search.go:37.42,39.3 1 1
product-service/internal/controller/category/search.go:41.2,42.16 2 3
product-service/internal/controller/category/search.go:42.16,44.3 1 1
product-service/internal/controller/category/search.go:46.2,50.4 1 2
product-service/internal/controller/category/search.go:55.81,63.16 7 6
product-service/internal/controller/category/search.go:63.16,65.3 1 1
product-service/internal/controller/category/search.go:67.2,68.16 2 5
product-service/internal/controller/category/search.go:68.16,70.3 1 1
product-service/internal/controller/category/search.go:72.2,75.21 3 4
product-service/internal/controller/category/update.go:27.54,29.41 2 6
product-service/internal/controller/category/update.go:29.41,31.3 1 1
product-service/internal/controller/category/update.go:33.2,34.27 2 5
product-service/internal/controller/category/update.go:34.27,36.3 1 1
product-service/internal/controller/category/update.go:38.2,42.43 4 4
product-service/internal/controller/category/update.go:42.43,44.3 1 1
product-service/internal/controller/category/update.go:46.2,47.16 2 3
product-service/internal/controller/category/update.go:47.16,49.3 1 1
product-service/internal/controller/category/update.go:51.2,55.4 1 2
product-service/internal/controller/supplier/activate.go:26.56,28.27 2 3
product-service/internal/controller/supplier/activate.go:28.27,30.3 1 1
product-service/internal/controller/supplier/activate.go:32.2,33.16 2 2
product-service/internal/controller/supplier/activate.go:33.16,35.3 1 1
product-service/internal/controller/supplier/activate.go:37.2,41.4 1 1
product-service/internal/controller/supplier/controller.go:14.52,16.2 1 31
product-service/internal/controller/supplier/create.go:26.54,28.41 2 4
product-service/internal/controller/supplier/create.go:28.41,30.3 1 1
product-service/internal/controller/supplier/create.go:32.2,44.43 12 3
product-service/internal/controller/supplier/create.go:44.43,46.3 1 1
product-service/internal/controller/supplier/create.go:48.2,49.16 2 2
product-service/internal/controller/supplier/create.go:49.16,51.3 1 1
product-service/internal/controller/supplier/create.go:53.2,57.4 1 1
product-service/internal/controller/supplier/deactivate.go:26.58,28.27 2 3
product-service/internal/controller/supplier/deactivate.go:28.27,30.3 1 1
product-service/internal/controller/supplier/deactivate.go:32.2,33.16 2 2
product-service/internal/controller/supplier/deactivate.go:33.16,35.3 1 1
product-service/internal/controller/supplier/deactivate.go:37.2,41.4 1 1
product-service/internal/controller/supplier/delete.go:26.54,28.27 2 3
product-service/internal/controller/supplier/delete.go:28.27,30.3 1 1
product-service/internal/controller/supplier/delete.go:32.2,33.16 2 2
product-service/internal/controller/supplier/delete.go:33.16,35.3 1 1
product-service/internal/controller/supplier/delete.go:37.2,41.4 1 1
product-service/internal/controller/supplier/detail.go:26.54,28.27 2 6
product-service/internal/controller/supplier/detail.go:28.27,30.3 1 4
product-service/internal/controller/supplier/detail.go:32.2,33.16 2 2
product-service/internal/controller/supplier/detail.go:33.16,35.3 1 1
product-service/internal/controller/supplier/detail.go:37.2,41.4 1 1
product-service/internal/controller/supplier/search.go:38.54,40.16 2 6
product-service/internal/controller/supplier/search.go:40.16,42.3 1 2
product-service/internal/controller/supplier/search.go:44.2,44.42 1 4
product-service/internal/controller/supplier/search.go:44.42,46.3 1 1
product-service/internal/controller/supplier/search.go:48.2,49.16 2 3
product-service/internal/controller/supplier/search.go:49.16,51.3 1 1
product-service/internal/controller/supplier/search.go:53.2,57.4 1 2
product-service/internal/controller/supplier/search.go:62.81,78.16 14 6
product-service/internal/controller/supplier/search.go:78.16,80.3 1 1
product-service/internal/controller/supplier/search.go:82.2,83.16 2 5
product-service/internal/controller/supplier/search.go:83.16,85.3 1 1
product-service/internal/controller/supplier/search.go:87.2,90.21 3 4
product-service/internal/controller/supplier/update.go:28.54,30.41 2 6
product-service/internal/controller/supplier/update.go:30.41,32.3 1 1
product-service/internal/controller/supplier/update.go:34.2,35.27 2 5
product-service/internal/controller/supplier/update.go:35.27,37.3 1 1
product-service/internal/controller/supplier/update.go:39.2,52.43 13 4
product-service/internal/controller/supplier/update.go:52.43,54.3 1 1
product-service/internal/controller/supplier/update.go:56.2,57.16 2 3
product-service/internal/controller/supplier/update.go:57.16,59.3 1 1
product-service/internal/controller/supplier/update.go:61.2,65.4 1 2
product-service/internal/controller/health.go:9.36,11.2 1 5
product-service/internal/controller/route.go:34.77,51.2 9 98
product-service/internal/controller/route.go:53.86,63.2 8 98
product-service/internal/controller/route.go:65.84,76.2 9 98
product-service/internal/controller/route.go:78.86,88.2 8 98
product-service/internal/controller/route.go:90.45,94.57 3 98
product-service/internal/controller/route.go:94.57,96.3 1 2
product-service/internal/controller/route.go:98.2,98.44 1 98
product-service/internal/controller/route.go:98.44,100.3 1 1
product-service/internal/controller/route.go:102.2,102.55 1 98
product-service/internal/controller/route.go:102.55,104.3 1 2
product-service/internal/controller/route.go:106.2,108.4 1 98
product-service/internal/exception/exception.go:19.49,21.2 1 23
product-service/internal/exception/exception.go:24.44,26.2 1 3
product-service/internal/exception/exception.go:29.46,31.2 1 3
product-service/internal/exception/exception.go:34.43,36.2 1 2
product-service/internal/exception/exception.go:39.42,41.2 1 6
product-service/internal/exception/exception.go:44.42,46.2 1 4
product-service/internal/exception/exception.go:49.42,51.2 1 4
product-service/internal/exception/exception.go:54.36,55.20 1 2
product-service/internal/exception/exception.go:55.20,57.3 1 1
product-service/internal/exception/exception.go:59.2,59.18 1 1
product-service/internal/exception/exception.go:64.48,69.2 3 2
product-service/internal/exception/exception.go:72.36,74.2 1 2
product-service/internal/exception/exception.go:78.43,82.2 2 5
product-service/internal/exception/exception.go:86.36,87.16 1 6
product-service/internal/exception/exception.go:87.16,89.3 1 1
product-service/internal/exception/exception.go:91.2,92.32 2 5
product-service/internal/exception/exception.go:92.32,94.3 1 3
product-service/internal/exception/exception.go:96.2,96.30 1 2
product-service/internal/exception/exception.go:100.33,101.16 1 3
product-service/internal/exception/exception.go:101.16,103.3 1 1
product-service/internal/exception/exception.go:105.2,107.63 2 2
product-service/internal/repository/category/create.go:10.91,12.16 2 2
product-service/internal/repository/category/create.go:12.16,14.3 1 1
product-service/internal/repository/category/create.go:16.2,16.22 1 1
product-service/internal/repository/category/detail.go:11.99,16.16 3 4
product-service/internal/repository/category/detail.go:16.16,18.3 1 2
product-service/internal/repository/category/detail.go:20.2,20.22 1 2
product-service/internal/repository/category/repository.go:22.33,24.2 1 12
product-service/internal/repository/category/search.go:21.106,29.23 3 4
product-service/internal/repository/category/search.go:29.23,31.3 1 1
product-service/internal/repository/category/search.go:33.2,33.30 1 4
product-service/internal/repository/category/search.go:33.30,35.3 1 1
product-service/internal/repository/category/search.go:37.2,37.47 1 4
product-service/internal/repository/category/search.go:37.47,39.3 1 2
product-service/internal/repository/category/search.go:41.2,41.50 1 4
product-service/internal/repository/category/search.go:41.50,43.3 1 1
product-service/internal/repository/category/search.go:45.2,46.16 2 4
product-service/internal/repository/category/search.go:46.16,48.3 1 1
product-service/internal/repository/category/search.go:50.2,50.24 1 3
product-service/internal/repository/category/update.go:11.91,31.16 4 2
product-service/internal/repository/category/update.go:31.16,33.3 1 1
product-service/internal/repository/category/update.go:35.2,35.22 1 1
product-service/internal/repository/product/create.go:10.88,12.16 2 2
product-service/internal/repository/product/create.go:12.16,14.3 1 1
product-service/internal/repository/product/create.go:16.2,16.21 1 1
product-service/internal/repository/product/detail.go:12.40,14.2 1 2
product-service/internal/repository/product/detail.go:17.121,24.22 3 5
product-service/internal/repository/product/detail.go:24.22,35.3 1 1
product-service/internal/repository/product/detail.go:37.2,39.16 2 5
product-service/internal/repository/product/detail.go:39.16,41.3 1 2
product-service/internal/repository/product/detail.go:43.2,43.21 1 3
product-service/internal/repository/product/repository.go:22.33,24.2 1 15
product-service/internal/repository/product/search.go:22.103,34.23 3 6
product-service/internal/repository/product/search.go:34.23,36.3 1 1
product-service/internal/repository/product/search.go:38.2,38.30 1 6
product-service/internal/repository/product/search.go:38.30,40.3 1 1
product-service/internal/repository/product/search.go:42.2,42.34 1 6
product-service/internal/repository/product/search.go:42.34,44.3 1 1
product-service/internal/repository/product/search.go:46.2,46.34 1 6
product-service/internal/repository/product/search.go:46.34,48.3 1 1
product-service/internal/repository/product/search.go:50.2,50.76 1 6
product-service/internal/repository/product/search.go:50.76,52.3 1 3
product-service/internal/repository/product/search.go:54.2,54.25 1 6
product-service/internal/repository/product/search.go:54.25,56.3 1 1
product-service/internal/repository/product/search.go:58.2,58.25 1 6
product-service/internal/repository/product/search.go:58.25,60.3 1 2
product-service/internal/repository/product/search.go:62.2,62.47 1 6
product-service/internal/repository/product/search.go:62.47,64.3 1 1
product-service/internal/repository/product/search.go:66.2,66.50 1 6
product-service/internal/repository/product/search.go:66.50,68.3 1 1
product-service/internal/repository/product/search.go:70.2,71.16 2 6
product-service/internal/repository/product/search.go:71.16,73.3 1 1
product-service/internal/repository/product/search.go:75.2,75.22 1 5
product-service/internal/repository/product/update.go:11.88,35.16 4 2
product-service/internal/repository/product/update.go:35.16,37.3 1 1
product-service/internal/repository/product/update.go:39.2,39.21 1 1
product-service/internal/repository/stock/create.go:10.101,12.16 2 3
product-service/internal/repository/stock/create.go:12.16,14.3 1 1
product-service/internal/repository/stock/create.go:16.2,16.22 1 2
product-service/internal/repository/stock/repository.go:18.33,20.2 1 4
product-service/internal/repository/storage/get.go:12.45,14.19 2 12
product-service/internal/repository/storage/get.go:14.19,16.3 1 2
product-service/internal/repository/storage/get.go:18.2,19.72 2 10
product-service/internal/repository/storage/get.go:19.72,21.3 1 9
product-service/internal/repository/storage/get.go:23.2,24.45 2 10
product-service/internal/repository/storage/get.go:24.45,26.3 1 9
product-service/internal/repository/storage/get.go:28.2,28.58 1 10
product-service/internal/repository/storage/get.go:28.58,30.3 1 1
product-service/internal/repository/storage/get.go:32.2,33.16 2 9
product-service/internal/repository/storage/get.go:33.16,35.3 1 1
product-service/internal/repository/storage/get.go:37.2,37.18 1 8
product-service/internal/repository/storage/remove.go:10.71,12.2 1 2
product-service/internal/repository/storage/storage.go:27.83,29.2 1 11
product-service/internal/repository/storage/storage.go:32.54,34.21 2 2
product-service/internal/repository/storage/storage.go:34.21,36.3 1 1
product-service/internal/repository/storage/storage.go:38.2,38.93 1 2
product-service/internal/repository/storage/upload.go:15.105,17.16 2 4
product-service/internal/repository/storage/upload.go:17.16,19.3 1 1
product-service/internal/repository/storage/upload.go:21.2,25.23 4 3
product-service/internal/repository/storage/upload.go:25.23,27.3 1 1
product-service/internal/repository/storage/upload.go:29.2,32.16 2 3
product-service/internal/repository/storage/upload.go:32.16,34.3 1 1
product-service/internal/repository/storage/upload.go:36.2,36.24 1 2
product-service/internal/repository/supplier/create.go:10.91,12.16 2 2
product-service/internal/repository/supplier/create.go:12.16,14.3 1 1
product-service/internal/repository/supplier/create.go:16.2,16.22 1 1
product-service/internal/repository/supplier/detail.go:11.99,16.16 3 4
product-service/internal/repository/supplier/detail.go:16.16,18.3 1 2
product-service/internal/repository/supplier/detail.go:20.2,20.22 1 2
product-service/internal/repository/supplier/repository.go:22.33,24.2 1 11
product-service/internal/repository/supplier/search.go:24.106,47.28 4 3
product-service/internal/repository/supplier/search.go:47.28,48.20 1 27
product-service/internal/repository/supplier/search.go:48.20,50.4 1 9
product-service/internal/repository/supplier/search.go:53.2,53.47 1 3
product-service/internal/repository/supplier/search.go:53.47,55.3 1 1
product-service/internal/repository/supplier/search.go:57.2,57.50 1 3
product-service/internal/repository/supplier/search.go:57.50,59.3 1 1
product-service/internal/repository/supplier/search.go:61.2,62.16 2 3
product-service/internal/repository/supplier/search.go:62.16,64.3 1 1
product-service/internal/repository/supplier/search.go:66.2,66.23 1 2
product-service/internal/repository/supplier/update.go:11.91,40.16 4 2
product-service/internal/repository/supplier/update.go:40.16,42.3 1 1
product-service/internal/repository/supplier/update.go:44.2,44.22 1 1
product-service/internal/service/category/activate.go:14.114,19.16 3 5
product-service/internal/service/category/activate.go:19.16,20.45 1 2
product-service/internal/service/category/activate.go:20.45,22.4 1 1
product-service/internal/service/category/activate.go:24.3,24.40 1 1
product-service/internal/service/category/activate.go:28.2,28.23 1 3
product-service/internal/service/category/activate.go:28.23,30.3 1 1
product-service/internal/service/category/activate.go:33.2,36.16 4 2
product-service/internal/service/category/activate.go:36.16,38.3 1 1
product-service/internal/service/category/activate.go:40.2,40.49 1 1
product-service/internal/service/category/create.go:10.108,15.16 3 2
product-service/internal/service/category/create.go:15.16,17.3 1 1
product-service/internal/service/category/create.go:19.2,19.38 1 1
product-service/internal/service/category/deactivate.go:14.120,19.16 3 5
product-service/internal/service/category/deactivate.go:19.16,20.45 1 2
product-service/internal/service/category/deactivate.go:20.45,22.4 1 1
product-service/internal/service/category/deactivate.go:24.3,24.42 1 1
product-service/internal/service/category/deactivate.go:28.2,28.24 1 3
product-service/internal/service/category/deactivate.go:28.24,30.3 1 1
product-service/internal/service/category/deactivate.go:33.2,36.16 4 2
product-service/internal/service/category/deactivate.go:36.16,38.3 1 1
product-service/internal/service/category/deactivate.go:40.2,40.51 1 1
product-service/internal/service/category/delete.go:14.108,19.16 3 4
product-service/internal/service/category/delete.go:19.16,20.45 1 2
product-service/internal/service/category/delete.go:20.45,22.4 1 1
product-service/internal/service/category/delete.go:24.3,24.38 1 1
product-service/internal/service/category/delete.go:28.2,31.16 4 2
product-service/internal/service/category/delete.go:31.16,33.3 1 1
product-service/internal/service/category/delete.go:35.2,35.47 1 1
product-service/internal/service/category/detail.go:14.108,19.16 3 4
product-service/internal/service/category/detail.go:19.16,20.45 1 2
product-service/internal/service/category/detail.go:20.45,22.4 1 1
product-service/internal/service/category/detail.go:24.3,24.38 1 1
product-service/internal/service/category/detail.go:27.2,27.47 1 2
product-service/internal/service/category/search.go:11.108,28.16 4 2
product-service/internal/service/category/search.go:28.16,30.3 1 1
product-service/internal/service/category/search.go:32.2,32.49 1 1
product-service/internal/service/category/service.go:28.80,30.2 1 23
product-service/internal/service/category/update.go:14.108,19.16 3 4
product-service/internal/service/category/update.go:19.16,20.45 1 2
product-service/internal/service/category/update.go:20.45,22.4 1 1
product-service/internal/service/category/update.go:24.3,24.38 1 1
product-service/internal/service/category/update.go:28.2,29.16 2 2
product-service/internal/service/category/update.go:29.16,31.3 1 1
product-service/internal/service/category/update.go:33.2,33.47 1 1
product-service/internal/service/product/activate.go:14.112,19.16 3 5
product-service/internal/service/product/activate.go:19.16,20.45 1 2
product-service/internal/service/product/activate.go:20.45,22.4 1 1
product-service/internal/service/product/activate.go:24.3,24.39 1 1
product-service/internal/service/product/activate.go:28.2,28.22 1 3
product-service/internal/service/product/activate.go:28.22,30.3 1 1
product-service/internal/service/product/activate.go:33.2,36.16 4 2
product-service/internal/service/product/activate.go:36.16,38.3 1 1
product-service/internal/service/product/activate.go:40.2,40.47 1 1
product-service/internal/service/product/create.go:14.106,27.15 2 13
product-service/internal/service/product/create.go:27.15,28.31 1 13
product-service/internal/service/product/create.go:28.31,30.12 2 1
product-service/internal/service/product/create.go:35.2,36.16 2 13
product-service/internal/service/product/create.go:36.16,38.3 1 1
product-service/internal/service/product/create.go:41.2,42.16 2 12
product-service/internal/service/product/create.go:42.16,44.3 1 1
product-service/internal/service/product/create.go:46.2,50.26 2 11
product-service/internal/service/product/create.go:50.26,52.17 2 6
product-service/internal/service/product/create.go:52.17,54.4 1 1
product-service/internal/service/product/create.go:56.3,56.56 1 5
product-service/internal/service/product/create.go:63.2,63.54 1 10
product-service/internal/service/product/create.go:63.54,65.17 2 9
product-service/internal/service/product/create.go:65.17,67.4 1 4
product-service/internal/service/product/create.go:69.3,77.13 3 4
product-service/internal/service/product/create.go:79.2,79.16 1 9
product-service/internal/service/product/create.go:79.16,83.3 2 6
product-service/internal/service/product/create.go:85.2,88.45 3 3
product-service/internal/service/product/deactivate.go:14.118,19.16 3 5
product-service/internal/service/product/deactivate.go:19.16,20.45 1 2
product-service/internal/service/product/deactivate.go:20.45,22.4 1 1
product-service/internal/service/product/deactivate.go:24.3,24.41 1 1
product-service/internal/service/product/deactivate.go:28.2,28.23 1 3
product-service/internal/service/product/deactivate.go:28.23,30.3 1 1
product-service/internal/service/product/deactivate.go:33.2,36.16 4 2
product-service/internal/service/product/deactivate.go:36.16,38.3 1 1
product-service/internal/service/product/deactivate.go:40.2,40.49 1 1
product-service/internal/service/product/delete.go:14.106,19.16 3 4
product-service/internal/service/product/delete.go:19.16,20.45 1 2
product-service/internal/service/product/delete.go:20.45,22.4 1 1
product-service/internal/service/product/delete.go:24.3,24.37 1 1
product-service/internal/service/product/delete.go:28.2,31.16 4 2
product-service/internal/service/product/delete.go:31.16,33.3 1 1
product-service/internal/service/product/delete.go:35.2,35.45 1 1
product-service/internal/service/product/detail.go:14.106,19.16 3 4
product-service/internal/service/product/detail.go:19.16,20.45 1 2
product-service/internal/service/product/detail.go:20.45,22.4 1 1
product-service/internal/service/product/detail.go:24.3,24.37 1 1
product-service/internal/service/product/detail.go:27.2,27.45 1 2
product-service/internal/service/product/history.go:13.109,18.16 3 4
product-service/internal/service/product/history.go:18.16,19.45 1 2
product-service/internal/service/product/history.go:19.45,21.4 1 1
product-service/internal/service/product/history.go:23.3,23.38 1 1
product-service/internal/service/product/history.go:26.2,26.46 1 2
product-service/internal/service/product/search.go:11.106,32.16 4 2
product-service/internal/service/product/search.go:32.16,34.3 1 1
product-service/internal/service/product/search.go:36.2,36.46 1 1
product-service/internal/service/product/service.go:44.11,53.2 1 45
product-service/internal/service/product/service.go:58.78,59.22 1 12
product-service/internal/service/product/service.go:59.22,61.3 1 4
product-service/internal/service/product/service.go:63.2,63.39 1 8
product-service/internal/service/product/update.go:16.106,26.15 2 11
product-service/internal/service/product/update.go:26.15,27.31 1 11
product-service/internal/service/product/update.go:27.31,29.12 2 1
product-service/internal/service/product/update.go:34.2,35.16 2 11
product-service/internal/service/product/update.go:35.16,36.45 1 2
product-service/internal/service/product/update.go:36.45,38.4 1 1
product-service/internal/service/product/update.go:40.3,40.37 1 1
product-service/internal/service/product/update.go:44.2,45.16 2 9
product-service/internal/service/product/update.go:45.16,47.3 1 1
product-service/internal/service/product/update.go:50.2,51.16 2 8
product-service/internal/service/product/update.go:51.16,53.3 1 1
product-service/internal/service/product/update.go:55.2,62.26 4 7
product-service/internal/service/product/update.go:62.26,64.17 2 6
product-service/internal/service/product/update.go:64.17,66.4 1 1
product-service/internal/service/product/update.go:68.3,68.56 1 5
product-service/internal/service/product/update.go:72.2,72.54 1 6
product-service/internal/service/product/update.go:72.54,76.3 2 5
product-service/internal/service/product/update.go:77.2,77.16 1 5
product-service/internal/service/product/update.go:77.16,81.3 2 2
product-service/internal/service/product/update.go:83.2,88.22 3 3
product-service/internal/service/product/update.go:88.22,90.3 1 2
product-service/internal/service/product/update.go:92.2,92.45 1 3
product-service/internal/service/supplier/activate.go:14.114,19.16 3 5
product-service/internal/service/supplier/activate.go:19.16,20.45 1 2
product-service/internal/service/supplier/activate.go:20.45,22.4 1 1
product-service/internal/service/supplier/activate.go:24.3,24.40 1 1
product-service/internal/service/supplier/activate.go:28.2,28.23 1 3
product-service/internal/service/supplier/activate.go:28.23,30.3 1 1
product-service/internal/service/supplier/activate.go:33.2,36.16 4 2
product-service/internal/service/supplier/activate.go:36.16,38.3 1 1
product-service/internal/service/supplier/activate.go:40.2,40.49 1 1
product-service/internal/service/supplier/create.go:10.108,15.16 3 2
product-service/internal/service/supplier/create.go:15.16,17.3 1 1
product-service/internal/service/supplier/create.go:19.2,19.38 1 1
product-service/internal/service/supplier/deactivate.go:14.120,19.16 3 5
product-service/internal/service/supplier/deactivate.go:19.16,20.45 1 2
product-service/internal/service/supplier/deactivate.go:20.45,22.4 1 1
product-service/internal/service/supplier/deactivate.go:24.3,24.42 1 1
product-service/internal/service/supplier/deactivate.go:28.2,28.24 1 3
product-service/internal/service/supplier/deactivate.go:28.24,30.3 1 1
product-service/internal/service/supplier/deactivate.go:33.2,36.16 4 2
product-service/internal/service/supplier/deactivate.go:36.16,38.3 1 1
product-service/internal/service/supplier/deactivate.go:40.2,40.51 1 1
product-service/internal/service/supplier/delete.go:14.108,19.16 3 4
product-service/internal/service/supplier/delete.go:19.16,20.45 1 2
product-service/internal/service/supplier/delete.go:20.45,22.4 1 1
product-service/internal/service/supplier/delete.go:24.3,24.38 1 1
product-service/internal/service/supplier/delete.go:28.2,31.16 4 2
product-service/internal/service/supplier/delete.go:31.16,33.3 1 1
product-service/internal/service/supplier/delete.go:35.2,35.47 1 1
product-service/internal/service/supplier/detail.go:14.108,19.16 3 4
product-service/internal/service/supplier/detail.go:19.16,20.45 1 2
product-service/internal/service/supplier/detail.go:20.45,22.4 1 1
product-service/internal/service/supplier/detail.go:24.3,24.38 1 1
product-service/internal/service/supplier/detail.go:27.2,27.47 1 2
product-service/internal/service/supplier/search.go:11.108,35.16 4 2
product-service/internal/service/supplier/search.go:35.16,37.3 1 1
product-service/internal/service/supplier/search.go:39.2,39.48 1 1
product-service/internal/service/supplier/service.go:28.79,30.2 1 23
product-service/internal/service/supplier/update.go:14.108,19.16 3 4
product-service/internal/service/supplier/update.go:19.16,20.45 1 2
product-service/internal/service/supplier/update.go:20.45,22.4 1 1
product-service/internal/service/supplier/update.go:24.3,24.38 1 1
product-service/internal/service/supplier/update.go:28.2,29.16 2 2
product-service/internal/service/supplier/update.go:29.16,31.3 1 1
product-service/internal/service/supplier/update.go:33.2,33.47 1 1
product-service/internal/util/paging.go:13.63,15.17 2 6
product-service/internal/util/paging.go:15.17,17.3 1 2
product-service/internal/util/paging.go:19.2,20.16 2 4
product-service/internal/util/paging.go:20.16,22.3 1 1
product-service/internal/util/paging.go:24.2,24.20 1 3
product-service/internal/util/paging.go:28.79,30.17 2 5
product-service/internal/util/paging.go:30.17,32.3 1 2
product-service/internal/util/paging.go:34.2,35.16 2 3
product-service/internal/util/paging.go:35.16,37.3 1 1
product-service/internal/util/paging.go:39.2,39.20 1 2
product-service/internal/token/jwks.go:47.65,48.19 1 24
product-service/internal/token/jwks.go:48.19,50.3 1 1
product-service/internal/token/jwks.go:52.2,56.3 1 24
product-service/internal/token/jwks.go:59.56,63.32 3 55
product-service/internal/token/jwks.go:63.32,65.3 1 12
product-service/internal/token/jwks.go:69.2,69.65 1 43
product-service/internal/token/jwks.go:69.65,71.3 1 20
product-service/internal/token/jwks.go:73.2,74.16 2 23
product-service/internal/token/jwks.go:74.16,76.3 1 11
product-service/internal/token/jwks.go:78.2,81.9 3 12
product-service/internal/token/jwks.go:81.9,83.3 1 2
product-service/internal/token/jwks.go:85.2,85.17 1 10
product-service/internal/token/jwks.go:100.59,102.16 2 23
product-service/internal/token/jwks.go:102.16,104.3 1 1
product-service/internal/token/jwks.go:105.2,105.15 1 22
product-service/internal/token/jwks.go:105.15,105.44 1 22
product-service/internal/token/jwks.go:107.2,107.42 1 22
product-service/internal/token/jwks.go:107.42,109.3 1 2
product-service/internal/token/jwks.go:111.2,112.67 2 20
product-service/internal/token/jwks.go:112.67,114.3 1 1
product-service/internal/token/jwks.go:116.2,117.31 2 19
product-service/internal/token/jwks.go:117.31,120.62 1 18
product-service/internal/token/jwks.go:120.62,121.12 1 2
product-service/internal/token/jwks.go:124.3,124.51 1 16
product-service/internal/token/jwks.go:124.51,125.12 1 1
product-service/internal/token/jwks.go:128.3,129.17 2 15
product-service/internal/token/jwks.go:129.17,131.4 1 3
product-service/internal/token/jwks.go:133.3,133.25 1 12
product-service/internal/token/jwks.go:136.2,136.20 1 16
product-service/internal/token/jwks.go:136.20,138.3 1 4
product-service/internal/token/jwks.go:140.2,140.18 1 12
product-service/internal/token/jwks.go:145.68,147.16 2 16
product-service/internal/token/jwks.go:147.16,149.3 1 1
product-service/internal/token/jwks.go:151.2,152.16 2 15
product-service/internal/token/jwks.go:152.16,154.3 1 1
product-service/internal/token/jwks.go:156.2,156.32 1 14
product-service/internal/token/jwks.go:156.32,158.3 1 1
product-service/internal/token/jwks.go:160.2,163.8 1 13
product-service/internal/token/middleware.go:20.72,21.54 1 12
product-service/internal/token/middleware.go:21.54,22.38 1 12
product-service/internal/token/middleware.go:22.38,24.17 2 12
product-service/internal/token/middleware.go:24.17,26.5 1 6
product-service/internal/token/middleware.go:28.4,29.18 2 6
product-service/internal/token/middleware.go:29.18,31.5 1 2
product-service/internal/token/middleware.go:33.4,33.36 1 4
product-service/internal/token/middleware.go:33.36,35.5 1 2
product-service/internal/token/middleware.go:40.4,43.18 3 2
product-service/internal/token/middleware.go:51.42,53.55 2 12
product-service/internal/token/middleware.go:53.55,55.3 1 4
product-service/internal/token/middleware.go:57.2,57.77 1 8
product-service/internal/token/token.go:38.50,39.29 1 16
product-service/internal/token/token.go:39.29,40.37 1 17
product-service/internal/token/token.go:40.37,42.4 1 5
product-service/internal/token/token.go:45.2,45.14 1 11
product-service/internal/token/token.go:60.58,62.2 1 9
product-service/internal/token/token.go:67.54,70.64 2 23
product-service/internal/token/token.go:70.64,74.17 3 17
product-service/internal/token/token.go:74.17,80.4 2 2
product-service/internal/token/token.go:82.3,82.18 1 15
product-service/internal/token/token.go:88.2,88.16 1 23
product-service/internal/token/token.go:88.16,90.3 1 14
product-service/internal/token/token.go:92.2,92.27 1 9
product-service/internal/token/token.go:98.43,99.63 1 14
product-service/internal/token/token.go:99.63,103.39 1 2
product-service/internal/token/token.go:103.39,105.4 1 1
product-service/internal/token/token.go:107.3,107.50 1 1
product-service/internal/token/token.go:110.2,110.43 1 12
product-service/internal/token/token.go:110.43,112.3 1 4
product-service/internal/token/token.go:114.2,114.45 1 8
product-service/internal/token/token.go:118.52,120.33 2 9
product-service/internal/token/token.go:120.33,122.3 1 1
product-service/internal/token/token.go:126.2,127.16 2 8
product-service/internal/token/token.go:127.16,129.3 1 1
product-service/internal/token/token.go:131.2,131.60 1 7
product-service/internal/token/token.go:136.45,138.9 2 7
product-service/internal/token/token.go:138.9,140.3 1 0
product-service/internal/token/token.go:142.2,143.9 2 7
product-service/internal/token/token.go:143.9,145.3 1 3
product-service/internal/token/token.go:147.2,148.9 2 4
product-service/internal/token/token.go:148.9,150.3 1 2
product-service/internal/token/token.go:152.2,153.28 2 2
product-service/internal/token/token.go:153.28,154.36 1 4
product-service/internal/token/token.go:154.36,156.4 1 3
product-service/internal/token/token.go:159.2,159.14 1 2
